2019-04-07 13:03:41,201 - com.order.notification.service.StoreManagerNotification - INFO - --------Start OrderEmailSmsNotification batch-----------
2019-04-07 13:03:41,206 - com.db.util.PropertiesReader - INFO - -----------------All the loaded properties---------------
2019-04-07 13:03:41,206 - com.db.util.PropertiesReader - INFO - sim14.db.password
2019-04-07 13:03:41,206 - com.db.util.PropertiesReader - INFO - xml.file.loc.inv
2019-04-07 13:03:41,207 - com.db.util.PropertiesReader - INFO - xml.file.loc.store
2019-04-07 13:03:41,209 - com.db.util.PropertiesReader - INFO - oms.db.jdbc-url
2019-04-07 13:03:41,209 - com.db.util.PropertiesReader - INFO - sim14.db.user
2019-04-07 13:03:41,209 - com.db.util.PropertiesReader - INFO - oms.db.password
2019-04-07 13:03:41,210 - com.db.util.PropertiesReader - INFO - ORDER.NOTIFICATION.REMINDER
2019-04-07 13:03:41,210 - com.db.util.PropertiesReader - INFO - ORDER.NOTIFICATION.FROM.EMAIL
2019-04-07 13:03:41,210 - com.db.util.PropertiesReader - INFO - oms.db.user
2019-04-07 13:03:41,210 - com.db.util.PropertiesReader - INFO - EmailNotification_URI
2019-04-07 13:03:41,210 - com.db.util.PropertiesReader - INFO - xml.file.loc.trickle
2019-04-07 13:03:41,210 - com.db.util.PropertiesReader - INFO - client.and.secret.id.base64.encoded
2019-04-07 13:03:41,210 - com.db.util.PropertiesReader - INFO - ORDER.NOTIFICATION.NORMAL
2019-04-07 13:03:41,210 - com.db.util.PropertiesReader - INFO - ORDER.NOTIFICATION.ORDER.EMAIL.TEMPLATE
2019-04-07 13:03:41,212 - com.db.util.PropertiesReader - INFO - ORDER.NOTIFICATION.FROM.PHONE.NUMBER
2019-04-07 13:03:41,212 - com.db.util.PropertiesReader - INFO - sim14.db.jdbc-url
2019-04-07 13:03:41,212 - com.db.util.PropertiesReader - INFO - SmsNotification_URI
2019-04-07 13:03:41,212 - com.db.util.PropertiesReader - INFO - ORDER.NOTIFICATION.ORDER.SMS.TEMPLATE
2019-04-07 13:03:41,212 - com.db.util.GetDBConnection - INFO - Loaded Database Connection  PropertiesSIM14
2019-04-07 13:03:41,212 - com.db.util.GetDBConnection - INFO - Starting connection
2019-04-07 13:03:46,901 - com.db.util.GetDBConnection - INFO -  Connected driver Version:12.1.0.2.0
2019-04-07 13:03:46,902 - com.db.util.GetDBConnection - INFO - Loaded Database Connection  PropertiesOMS
2019-04-07 13:03:46,902 - com.db.util.GetDBConnection - INFO - Starting connection
2019-04-07 13:03:50,161 - com.db.util.GetDBConnection - INFO -  Connected driver Version:12.1.0.2.0
2019-04-07 13:03:50,459 - com.order.notification.service.StoreManagerNotification - INFO - Fetching data for normal flow excution
2019-04-07 13:03:50,459 - com.db.util.GetDBConnection - INFO - ***getOrderEmailInfo start executing ***
2019-04-07 13:03:51,966 - com.db.util.GetDBConnection - INFO - ***getOrderSmsInfo start executing***
2019-04-07 13:03:52,798 - com.db.util.GetDBConnection - INFO - Message is Dear, 
 Please make sure to make the Order number %s1 ready for customer to pick up ASAP.
2019-04-07 13:03:52,971 - com.db.util.GetDBConnection - INFO - Message is Dear, 
 Please make sure to make the Order number %s1 ready for customer to pick up ASAP.
2019-04-07 13:03:53,377 - com.order.notification.service.StoreManagerNotification - INFO -  The Email size is  for NORMAL 2
2019-04-07 13:03:53,378 - com.order.notification.service.StoreManagerNotification - INFO -  The Sms  Size is  for NORMAL  2
2019-04-07 13:03:53,378 - com.db.util.GetDBConnection - INFO - sendsms executing with order number WEB900079002
2019-04-07 13:03:56,509 - com.db.util.GetDBConnection - INFO - request json body: {"smsData":{"toNumber":"919003734082","fromNumber":"966111111111","body":"Dear, \n Please make sure to make the Order number WEB900079002 ready for customer to pick up ASAP."}}
2019-04-07 13:03:56,510 - com.db.util.GetDBConnection - INFO - SMS Notification sent successfullt to StoreManager: WEB900079002 Response status code :200
2019-04-07 13:03:56,510 - com.order.notification.service.StoreManagerNotification - INFO - updateSmsFlag with order number WEB900079002
2019-04-07 13:03:56,703 - com.db.util.GetDBConnection - INFO - sendsms executing with order number WEB900079003
2019-04-07 13:03:57,836 - com.db.util.GetDBConnection - INFO - request json body: {"smsData":{"toNumber":"919003734082","fromNumber":"966111111111","body":"Dear, \n Please make sure to make the Order number WEB900079003 ready for customer to pick up ASAP."}}
2019-04-07 13:03:57,837 - com.db.util.GetDBConnection - INFO - SMS Notification sent successfullt to StoreManager: WEB900079003 Response status code :200
2019-04-07 13:03:57,837 - com.order.notification.service.StoreManagerNotification - INFO - updateSmsFlag with order number WEB900079003
2019-04-07 13:03:58,000 - com.order.notification.mail.EmailNotification - INFO - sendMail executing for order number WEB900079002
2019-04-07 13:03:59,029 - com.order.notification.mail.EmailNotification - INFO - request json body: {"email":{"from":"webmaster@extra.com","fromName":"Rabindra Choudhary","subject":"Order number WEB900079002 to be made ready","text":"Dear \u003cbr\u003e Please make sure to make the Order number WEB900079002 ready for customer to pick up ASAP.","recipients":{"to":[{"email":"jameeluddin.k@extra.com"}]}}}
2019-04-07 13:03:59,030 - com.order.notification.mail.EmailNotification - INFO - Email Notification sent succesfully to store manager: WEB900079002Response status code200
2019-04-07 13:03:59,031 - com.order.notification.service.StoreManagerNotification - INFO - updateEmailFlag with order no WEB900079002
2019-04-07 13:03:59,191 - com.order.notification.mail.EmailNotification - INFO - sendMail executing for order number WEB900079003
2019-04-07 13:04:00,271 - com.order.notification.mail.EmailNotification - INFO - request json body: {"email":{"from":"webmaster@extra.com","fromName":"Rabindra Choudhary","subject":"Order number WEB900079003 to be made ready","text":"Dear \u003cbr\u003e Please make sure to make the Order number WEB900079003 ready for customer to pick up ASAP.","recipients":{"to":[{"email":"jameeluddin.k@extra.com"}]}}}
2019-04-07 13:04:00,272 - com.order.notification.mail.EmailNotification - INFO - Email Notification sent succesfully to store manager: WEB900079003Response status code200
2019-04-07 13:04:00,273 - com.order.notification.service.StoreManagerNotification - INFO - updateEmailFlag with order no WEB900079003
2019-04-07 13:04:01,147 - com.order.notification.service.StoreManagerNotification - INFO - --------Successfully stoped OrderEmailSmsNotification batch -----------
